// Jest Snapshot v1, https://goo.gl/fbAQLP

exports[`Check GroupScreen loading correctly 1`] = `
<RCTSafeAreaView
  emulateUnlessSupported={true}
  style={
    Array [
      Object {
        "flexBasis": "0%",
        "flexGrow": 1,
        "flexShrink": 1,
      },
      Object {
        "backgroundColor": "#C6C4FF",
      },
    ]
  }
>
  <View
    style={
      Array [
        Object {
          "justifyContent": "center",
        },
        Object {
          "alignItems": "center",
        },
        Object {
          "flexBasis": "0%",
          "flexGrow": 1,
          "flexShrink": 1,
        },
      ]
    }
  >
    <ActivityIndicator
      color="#6B4EFF"
      size="large"
    />
    <Text
      style={
        Array [
          Object {
            "textAlign": "center",
          },
        ]
      }
    >
      Loading Group
    </Text>
  </View>
</RCTSafeAreaView>
`;
