// Jest Snapshot v1, https://goo.gl/fbAQLP

exports[`Check UserProfileScreen working correctly 1`] = `
<RCTSafeAreaView
  emulateUnlessSupported={true}
  style={
    Array [
      Object {
        "flexBasis": "0%",
        "flexGrow": 1,
        "flexShrink": 1,
      },
      Object {
        "backgroundColor": "#C6C4FF",
      },
    ]
  }
>
  <View
    style={
      Array [
        Object {
          "flexDirection": "row",
        },
        Object {
          "justifyContent": "space-between",
        },
        Object {
          "paddingTop": 56,
        },
        Object {
          "marginLeft": 40,
          "marginRight": 40,
        },
      ]
    }
  >
    <View
      style={
        Array [
          Object {
            "flexDirection": "row",
          },
        ]
      }
    >
      <View
        accessible={true}
        collapsable={false}
        focusable={true}
        onBlur={[Function]}
        onClick={[Function]}
        onFocus={[Function]}
        onResponderGrant={[Function]}
        onResponderMove={[Function]}
        onResponderRelease={[Function]}
        onResponderTerminate={[Function]}
        onResponderTerminationRequest={[Function]}
        onStartShouldSetResponder={[Function]}
        testID="pressableIcon"
      >
        <Text />
      </View>
    </View>
    <Text
      style={
        Array [
          Object {
            "fontWeight": "700",
          },
          Object {
            "marginLeft": "auto",
          },
          Object {
            "marginRight": "auto",
          },
          Object {
            "fontSize": 30,
            "lineHeight": 36,
          },
        ]
      }
    >
      User Profile
    </Text>
  </View>
  <View
    style={
      Array [
        Object {
          "justifyContent": "center",
        },
        Object {
          "alignItems": "center",
        },
        Object {
          "flexBasis": "0%",
          "flexGrow": 1,
          "flexShrink": 1,
        },
      ]
    }
  >
    <ActivityIndicator
      color="#6B4EFF"
      size="large"
    />
    <Text
      style={
        Array [
          Object {
            "textAlign": "center",
          },
        ]
      }
    >
      Loading Profile
    </Text>
  </View>
</RCTSafeAreaView>
`;
