// Jest Snapshot v1, https://goo.gl/fbAQLP

exports[`Check PressableIcon renders correctly and onpress works 1`] = `
<View
  style={
    Array [
      Object {
        "flexDirection": "row",
      },
    ]
  }
>
  <View
    accessible={true}
    collapsable={false}
    focusable={true}
    onBlur={[Function]}
    onClick={[Function]}
    onFocus={[Function]}
    onResponderGrant={[Function]}
    onResponderMove={[Function]}
    onResponderRelease={[Function]}
    onResponderTerminate={[Function]}
    onResponderTerminationRequest={[Function]}
    onStartShouldSetResponder={[Function]}
    testID="pressableIcon"
  >
    <Text />
  </View>
</View>
`;
